src/features/composition-runtime/components/video-content.test.tsx(1,1): error TS6133: 'React' is declared but its value is never read.
src/features/composition-runtime/components/video-content.test.tsx(166,9): error TS2322: Type '{ id: string; type: "video"; trackId: string; from: number; durationInFrames: number; src: string; _poolClipId: string; }' is not assignable to type 'BaseTimelineItem & { type: "video"; src: string; thumbnailUrl?: string | undefined; offset?: number | undefined; embeddedAudioMuted?: boolean | undefined; sourceWidth?: number | undefined; sourceHeight?: number | undefined; } & { ...; }'.
  Property 'label' is missing in type '{ id: string; type: "video"; trackId: string; from: number; durationInFrames: number; src: string; _poolClipId: string; }' but required in type 'BaseTimelineItem'.
src/features/composition-runtime/components/video-content.test.tsx(189,9): error TS2322: Type '{ id: string; type: "video"; trackId: string; from: number; durationInFrames: number; src: string; _poolClipId: string; }' is not assignable to type 'BaseTimelineItem & { type: "video"; src: string; thumbnailUrl?: string | undefined; offset?: number | undefined; embeddedAudioMuted?: boolean | undefined; sourceWidth?: number | undefined; sourceHeight?: number | undefined; } & { ...; }'.
  Property 'label' is missing in type '{ id: string; type: "video"; trackId: string; from: number; durationInFrames: number; src: string; _poolClipId: string; }' but required in type 'BaseTimelineItem'.
src/features/composition-runtime/utils/frame-scene.test.ts(155,9): error TS2739: Type '{ id: string; leftClipId: string; rightClipId: string; durationInFrames: number; timing: "linear"; presentation: "fade"; }' is missing the following properties from type 'Transition': type, trackId
src/features/composition-runtime/utils/scene-assembly.test.ts(344,7): error TS2739: Type '{ id: string; leftClipId: string; rightClipId: string; durationInFrames: number; timing: "linear"; presentation: "fade"; }' is missing the following properties from type 'Transition': type, trackId
src/features/editor/components/audio-mixer-view.tsx(519,17): error TS2353: Object literal may only specify known properties, and ''data-track-id'' does not exist in type 'HTMLAttributes<HTMLDivElement>'.
src/features/editor/components/audio-mixer-view.tsx(528,17): error TS2353: Object literal may only specify known properties, and ''data-track-id'' does not exist in type 'HTMLAttributes<HTMLDivElement>'.
src/features/editor/components/editor.test.tsx(232,10): error TS2305: Module '"./editor"' has no exported member 'LoadedEditor'.
src/features/editor/components/editor.tsx(290,17): error TS2322: Type '{ projectId: string; project: { id: string; name: string; width: number; height: number; fps: number; backgroundColor?: string | undefined; }; isDirty: boolean; onSave: () => Promise<void>; onExport: () => void; onExportBundle: () => Promise<...>; }' is not assignable to type 'IntrinsicAttributes & object'.
  Property 'projectId' does not exist on type 'IntrinsicAttributes & object'.
src/features/editor/components/editor.tsx(306,17): error TS2322: Type '{ duration: number; onGraphPanelOpenChange: (isOpen: boolean) => void; }' is not assignable to type 'IntrinsicAttributes & TimelineProps'.
  Property 'onGraphPanelOpenChange' does not exist on type 'IntrinsicAttributes & TimelineProps'.
src/features/editor/components/project-media-match-dialog.test.tsx(93,46): error TS18048: 'closest' is possibly 'undefined'.
src/features/editor/components/project-media-match-dialog.test.tsx(103,56): error TS18048: 'closest' is possibly 'undefined'.
src/features/editor/components/project-media-match-dialog.tsx(112,68): error TS2345: Argument of type 'ProjectMediaMatchCandidate' is not assignable to parameter of type 'MediaMetadata'.
  Type 'ProjectMediaMatchCandidate' is missing the following properties from type 'MediaMetadata': id, storageType, fileSize, mimeType, and 6 more.
src/features/editor/components/settings-dialog.tsx(442,52): error TS18048: 'defaultWhisperQuantizationOption' is possibly 'undefined'.
src/features/editor/services/kitten-tts-service.ts(7,49): error TS2307: Cannot find module 'kitten-tts-webgpu' or its corresponding type declarations.
src/features/editor/services/kitten-tts-service.ts(50,38): error TS2307: Cannot find module 'kitten-tts-webgpu' or its corresponding type declarations.
src/features/editor/services/kitten-tts-service.ts(121,3): error TS2322: Type 'KittenModelConfig | undefined' is not assignable to type 'KittenTtsModelOption'.
  Type 'undefined' is not assignable to type 'KittenTtsModelOption'.
src/features/editor/services/kitten-tts-service.ts(122,3): error TS2322: Type 'KittenModelConfig | undefined' is not assignable to type 'KittenTtsModelOption'.
  Type 'undefined' is not assignable to type 'KittenTtsModelOption'.
src/features/editor/services/kitten-tts-service.ts(123,3): error TS2322: Type 'KittenModelConfig | undefined' is not assignable to type 'KittenTtsModelOption'.
  Type 'undefined' is not assignable to type 'KittenTtsModelOption'.
src/features/editor/services/kitten-tts-service.ts(169,35): error TS2307: Cannot find module 'kitten-tts-webgpu' or its corresponding type declarations.
src/features/editor/services/kitten-tts-service.ts(187,21): error TS18048: 'config' is possibly 'undefined'.
src/features/editor/services/kitten-tts-service.ts(190,25): error TS18048: 'config' is possibly 'undefined'.
src/features/editor/services/kitten-tts-service.ts(204,19): error TS18048: 'config' is possibly 'undefined'.
src/features/editor/services/kitten-tts-service.ts(207,23): error TS18048: 'config' is possibly 'undefined'.
src/features/editor/services/kitten-tts-service.ts(246,35): error TS18048: 'config' is possibly 'undefined'.
src/features/editor/services/kitten-tts-service.ts(246,58): error TS18048: 'config' is possibly 'undefined'.
src/features/editor/services/kitten-tts-service.ts(248,21): error TS18048: 'config' is possibly 'undefined'.
src/features/editor/services/kitten-tts-service.ts(249,21): error TS18048: 'config' is possibly 'undefined'.
src/features/export/components/export-dialog.tsx(341,52): error TS2345: Argument of type '() => { value: ExportVideoCodec; label: string | undefined; supported: boolean; }[]' is not assignable to parameter of type '() => VideoCodecOption[]'.
  Type '{ value: ExportVideoCodec; label: string | undefined; supported: boolean; }[]' is not assignable to type 'VideoCodecOption[]'.
    Type '{ value: ExportVideoCodec; label: string | undefined; supported: boolean; }' is not assignable to type 'VideoCodecOption'.
      Types of property 'label' are incompatible.
        Type 'string | undefined' is not assignable to type 'string'.
          Type 'undefined' is not assignable to type 'string'.
src/features/export/hooks/use-client-render.ts(323,13): error TS2353: Object literal may only specify known properties, and 'resolution' does not exist in type 'CodecSupportCheckOptions'.
src/features/export/utils/canvas-item-renderer.transition-state.test.ts(60,7): error TS2322: Type '() => VideoItem' is not assignable to type '<TItem extends TimelineItem>(item: TItem) => TItem'.
  Type 'VideoItem' is not assignable to type 'TItem'.
    'VideoItem' is assignable to the constraint of type 'TItem', but 'TItem' could be instantiated with a different subtype of constraint 'TimelineItem'.
src/features/export/utils/canvas-masks.test.ts(158,40): error TS2322: Type '{ items: { id: string; shapeType: "path"; pathVertices: { position: [number, number]; inHandle: [number, number]; outHandle: [number, number]; }[]; type?: "shape" | undefined; trackId?: string | undefined; ... 5 more ...; maskType?: "clip" | undefined; }[]; ... 7 more ...; order: number; }' is not assignable to type 'TimelineTrack'.
  Types of property 'items' are incompatible.
    Type '{ id: string; shapeType: "path"; pathVertices: { position: [number, number]; inHandle: [number, number]; outHandle: [number, number]; }[]; type?: "shape" | undefined; trackId?: string | undefined; ... 5 more ...; maskType?: "clip" | undefined; }[]' is not assignable to type 'TimelineItem[]'.
      Type '{ id: string; shapeType: "path"; pathVertices: { position: [number, number]; inHandle: [number, number]; outHandle: [number, number]; }[]; type?: "shape" | undefined; trackId?: string | undefined; ... 5 more ...; maskType?: "clip" | undefined; }' is not assignable to type 'TimelineItem'.
        Type '{ id: string; shapeType: "path"; pathVertices: { position: [number, number]; inHandle: [number, number]; outHandle: [number, number]; }[]; type?: "shape" | undefined; trackId?: string | undefined; ... 5 more ...; maskType?: "clip" | undefined; }' is not assignable to type 'ShapeItem'.
          Type '{ id: string; shapeType: "path"; pathVertices: { position: [number, number]; inHandle: [number, number]; outHandle: [number, number]; }[]; type?: "shape" | undefined; trackId?: string | undefined; ... 5 more ...; maskType?: "clip" | undefined; }' is not assignable to type 'BaseTimelineItem'.
            Types of property 'trackId' are incompatible.
              Type 'string | undefined' is not assignable to type 'string'.
                Type 'undefined' is not assignable to type 'string'.
src/features/export/utils/canvas-render-orchestrator.test.ts(23,39): error TS2554: Expected 0 arguments, but got 1.
src/features/export/utils/canvas-render-orchestrator.test.ts(30,43): error TS2554: Expected 1 arguments, but got 2.
src/features/export/utils/canvas-render-orchestrator.test.ts(44,12): error TS2532: Object is possibly 'undefined'.
src/features/export/utils/canvas-render-orchestrator.test.ts(44,42): error TS2493: Tuple type '[sample: { frame: number; }]' of length '1' has no element at index '1'.
src/features/export/workers/export-render.worker.ts(16,3): error TS2322: Type 'WorkerGlobalWithWindow' is not assignable to type 'Window & typeof globalThis'.
  Type 'WorkerGlobalWithWindow' is missing the following properties from type 'Window': name, showOpenFilePicker, showSaveFilePicker, showDirectoryPicker
src/features/media-library/stores/media-relinking-actions.test.ts(125,14): error TS18048: 'currentState.brokenMediaInfo' is possibly 'undefined'.
src/features/media-library/stores/media-relinking-actions.test.ts(170,14): error TS18048: 'currentState.brokenMediaInfo' is possibly 'undefined'.
src/features/media-library/utils/caption-items.ts(228,11): error TS1354: 'readonly' type modifier is only permitted on array and tuple literal types.
src/features/player/clock/Clock.test.ts(40,12): error TS2790: The operand of a 'delete' operator must be optional.
src/features/preview/components/mask-editor-overlay.test.tsx(98,76): error TS2345: Argument of type '() => CanvasRenderingContext2D' is not assignable to parameter of type '(contextId: "webgpu") => GPUCanvasContext | null'.
  Type 'CanvasRenderingContext2D' is missing the following properties from type 'GPUCanvasContext': __brand, configure, unconfigure, getConfiguration, getCurrentTexture
src/features/preview/components/mask-editor-overlay.test.tsx(176,19): error TS2339: Property 'shapeType' does not exist on type 'TimelineItem'.
  Property 'shapeType' does not exist on type 'VideoItem'.
src/features/preview/components/mask-editor-overlay.test.tsx(177,19): error TS2339: Property 'isMask' does not exist on type 'TimelineItem'.
  Property 'isMask' does not exist on type 'VideoItem'.
src/features/preview/components/mask-editor-overlay.test.tsx(185,19): error TS2339: Property 'pathVertices' does not exist on type 'TimelineItem'.
  Property 'pathVertices' does not exist on type 'VideoItem'.
src/features/preview/components/mask-editor-overlay.test.tsx(186,19): error TS2339: Property 'pathVertices' does not exist on type 'TimelineItem'.
  Property 'pathVertices' does not exist on type 'VideoItem'.
src/features/preview/components/mask-editor-overlay.test.tsx(187,19): error TS2339: Property 'pathVertices' does not exist on type 'TimelineItem'.
  Property 'pathVertices' does not exist on type 'VideoItem'.
src/features/preview/components/mask-editor-overlay.test.tsx(502,19): error TS2339: Property 'shapeType' does not exist on type 'TimelineItem'.
  Property 'shapeType' does not exist on type 'VideoItem'.
src/features/preview/components/mask-editor-overlay.test.tsx(503,19): error TS2339: Property 'pathVertices' does not exist on type 'TimelineItem'.
  Property 'pathVertices' does not exist on type 'VideoItem'.
src/features/preview/components/mask-editor-overlay.test.tsx(504,19): error TS2339: Property 'pathVertices' does not exist on type 'TimelineItem'.
  Property 'pathVertices' does not exist on type 'VideoItem'.
src/features/preview/components/mask-editor-overlay.test.tsx(505,19): error TS2339: Property 'pathVertices' does not exist on type 'TimelineItem'.
  Property 'pathVertices' does not exist on type 'VideoItem'.
src/features/preview/components/mask-editor-overlay.test.tsx(506,19): error TS2339: Property 'pathVertices' does not exist on type 'TimelineItem'.
  Property 'pathVertices' does not exist on type 'VideoItem'.
src/features/preview/components/mask-editor-overlay.test.tsx(583,19): error TS2339: Property 'shapeType' does not exist on type 'TimelineItem'.
  Property 'shapeType' does not exist on type 'VideoItem'.
src/features/preview/components/mask-editor-overlay.test.tsx(584,19): error TS2339: Property 'isMask' does not exist on type 'TimelineItem'.
  Property 'isMask' does not exist on type 'VideoItem'.
src/features/preview/components/mask-editor-overlay.test.tsx(852,25): error TS2339: Property 'pathVertices' does not exist on type 'TimelineItem'.
  Property 'pathVertices' does not exist on type 'VideoItem'.
src/features/preview/components/mask-editor-overlay.test.tsx(853,25): error TS2339: Property 'pathVertices' does not exist on type 'TimelineItem'.
  Property 'pathVertices' does not exist on type 'VideoItem'.
src/features/preview/components/mask-editor-overlay.test.tsx(929,27): error TS2339: Property 'pathVertices' does not exist on type 'TimelineItem'.
  Property 'pathVertices' does not exist on type 'VideoItem'.
src/features/preview/components/mask-editor-overlay.test.tsx(931,22): error TS2339: Property 'pathVertices' does not exist on type 'TimelineItem'.
  Property 'pathVertices' does not exist on type 'VideoItem'.
src/features/preview/components/mask-editor-overlay.test.tsx(931,43): error TS7006: Parameter 'vertex' implicitly has an 'any' type.
src/features/preview/components/mask-editor-overlay.test.tsx(964,44): error TS2339: Property 'pathVertices' does not exist on type 'TimelineItem'.
  Property 'pathVertices' does not exist on type 'VideoItem'.
src/features/preview/components/mask-editor-overlay.test.tsx(1023,27): error TS2339: Property 'pathVertices' does not exist on type 'TimelineItem'.
  Property 'pathVertices' does not exist on type 'VideoItem'.
src/features/preview/components/mask-editor-overlay.test.tsx(1024,27): error TS2339: Property 'pathVertices' does not exist on type 'TimelineItem'.
  Property 'pathVertices' does not exist on type 'VideoItem'.
src/features/preview/components/mask-editor-overlay.test.tsx(1071,23): error TS2339: Property 'pathVertices' does not exist on type 'TimelineItem'.
  Property 'pathVertices' does not exist on type 'VideoItem'.
src/features/preview/components/mask-editor-overlay.test.tsx(1481,27): error TS2339: Property 'pathVertices' does not exist on type 'TimelineItem'.
  Property 'pathVertices' does not exist on type 'VideoItem'.
src/features/preview/components/mask-editor-overlay.test.tsx(1482,27): error TS2339: Property 'pathVertices' does not exist on type 'TimelineItem'.
  Property 'pathVertices' does not exist on type 'VideoItem'.
src/features/preview/components/mask-editor-overlay.test.tsx(1483,27): error TS2339: Property 'pathVertices' does not exist on type 'TimelineItem'.
  Property 'pathVertices' does not exist on type 'VideoItem'.
src/features/preview/components/mask-editor-overlay.test.tsx(1484,27): error TS2339: Property 'pathVertices' does not exist on type 'TimelineItem'.
  Property 'pathVertices' does not exist on type 'VideoItem'.
src/features/preview/components/transform-gizmo.tsx(70,9): error TS2345: Argument of type 'Transform' is not assignable to parameter of type 'ResolvedTransform'.
  Types of property 'cornerRadius' are incompatible.
    Type 'number | undefined' is not assignable to type 'number'.
      Type 'undefined' is not assignable to type 'number'.
src/features/preview/components/video-preview.sync.test.tsx(273,30): error TS2349: This expression is not callable.
  Type '{}' has no call signatures.
src/features/preview/components/video-preview.sync.test.tsx(282,26): error TS2349: This expression is not callable.
  Type '{}' has no call signatures.
src/features/preview/components/video-preview.sync.test.tsx(306,43): error TS2322: Type 'unknown[]' is not assignable to type 'ReactI18NextChildren | Iterable<ReactI18NextChildren>'.
  Type 'unknown[]' is not assignable to type 'Iterable<ReactI18NextChildren>'.
    The types returned by '[Symbol.iterator]().next(...)' are incompatible between these types.
      Type 'IteratorResult<unknown, undefined>' is not assignable to type 'IteratorResult<ReactI18NextChildren, any>'.
        Type 'IteratorYieldResult<unknown>' is not assignable to type 'IteratorResult<ReactI18NextChildren, any>'.
          Type 'IteratorYieldResult<unknown>' is not assignable to type 'IteratorYieldResult<ReactI18NextChildren>'.
            Type 'unknown' is not assignable to type 'ReactI18NextChildren'.
src/features/preview/components/video-preview.sync.test.tsx(447,98): error TS2345: Argument of type '(contextId: "webgpu") => CanvasRenderingContext2D | null' is not assignable to parameter of type '(contextId: "webgpu") => GPUCanvasContext | null'.
  Type 'CanvasRenderingContext2D | null' is not assignable to type 'GPUCanvasContext | null'.
    Type 'CanvasRenderingContext2D' is missing the following properties from type 'GPUCanvasContext': __brand, configure, unconfigure, getConfiguration, getCurrentTexture
src/features/preview/components/video-preview.sync.test.tsx(448,11): error TS2367: This comparison appears to be unintentional because the types '"webgpu"' and '"2d"' have no overlap.
src/features/preview/components/video-preview.sync.test.tsx(515,9): error TS2741: Property 'altKey' is missing in type '{ mode: "translate"; activeHandle: null; startPoint: { x: number; y: number; }; startTransform: { x: number; y: number; width: number; height: number; rotation: number; opacity: number; }; currentPoint: { ...; }; shiftKey: false; ctrlKey: false; itemId: string; }' but required in type 'GizmoState'.
src/features/preview/components/video-preview.sync.test.tsx(555,7): error TS2352: Conversion of type '{ id: string; type: "video"; trackId: string; from: number; durationInFrames: number; src: string; effects: { id: string; enabled: true; effect: { type: "gpu-effect"; gpuEffectType: string; params: { amount: number; }; }; }[]; }' to type 'TimelineItem' may be a mistake because neither type sufficiently overlaps with the other. If this was intentional, convert the expression to 'unknown' first.
  Type '{ id: string; type: "video"; trackId: string; from: number; durationInFrames: number; src: string; effects: { id: string; enabled: true; effect: { type: "gpu-effect"; gpuEffectType: string; params: { amount: number; }; }; }[]; }' is not comparable to type 'VideoItem'.
    Property 'label' is missing in type '{ id: string; type: "video"; trackId: string; from: number; durationInFrames: number; src: string; effects: { id: string; enabled: true; effect: { type: "gpu-effect"; gpuEffectType: string; params: { amount: number; }; }; }[]; }' but required in type 'BaseTimelineItem'.
src/features/preview/components/video-preview.sync.test.tsx(729,7): error TS2352: Conversion of type '{ id: string; type: "video"; trackId: string; from: number; durationInFrames: number; src: string; transform: { x: number; y: number; width: number; height: number; rotation: number; opacity: number; }; effects: { ...; }[]; }' to type 'TimelineItem' may be a mistake because neither type sufficiently overlaps with the other. If this was intentional, convert the expression to 'unknown' first.
  Type '{ id: string; type: "video"; trackId: string; from: number; durationInFrames: number; src: string; transform: { x: number; y: number; width: number; height: number; rotation: number; opacity: number; }; effects: { ...; }[]; }' is not comparable to type 'VideoItem'.
    Property 'label' is missing in type '{ id: string; type: "video"; trackId: string; from: number; durationInFrames: number; src: string; transform: { x: number; y: number; width: number; height: number; rotation: number; opacity: number; }; effects: { ...; }[]; }' but required in type 'BaseTimelineItem'.
src/features/preview/components/video-preview.sync.test.tsx(803,9): error TS2352: Conversion of type '{ id: string; type: "video"; trackId: string; from: number; durationInFrames: number; src: string; transform: { x: number; y: number; width: number; height: number; rotation: number; opacity: number; }; effects: { ...; }[]; }' to type 'TimelineItem' may be a mistake because neither type sufficiently overlaps with the other. If this was intentional, convert the expression to 'unknown' first.
  Type '{ id: string; type: "video"; trackId: string; from: number; durationInFrames: number; src: string; transform: { x: number; y: number; width: number; height: number; rotation: number; opacity: number; }; effects: { ...; }[]; }' is not comparable to type 'VideoItem'.
    Property 'label' is missing in type '{ id: string; type: "video"; trackId: string; from: number; durationInFrames: number; src: string; transform: { x: number; y: number; width: number; height: number; rotation: number; opacity: number; }; effects: { ...; }[]; }' but required in type 'BaseTimelineItem'.
src/features/preview/components/video-preview.sync.test.tsx(905,9): error TS2352: Conversion of type '{ id: string; type: "video"; trackId: string; from: number; durationInFrames: number; src: string; effects: { id: string; enabled: true; effect: { type: "gpu-effect"; gpuEffectType: string; params: { patternType: string; ... 10 more ...; grainMixer: number; }; }; }[]; }' to type 'TimelineItem' may be a mistake because neither type sufficiently overlaps with the other. If this was intentional, convert the expression to 'unknown' first.
  Type '{ id: string; type: "video"; trackId: string; from: number; durationInFrames: number; src: string; effects: { id: string; enabled: true; effect: { type: "gpu-effect"; gpuEffectType: string; params: { patternType: string; ... 10 more ...; grainMixer: number; }; }; }[]; }' is not comparable to type 'VideoItem'.
    Property 'label' is missing in type '{ id: string; type: "video"; trackId: string; from: number; durationInFrames: number; src: string; effects: { id: string; enabled: true; effect: { type: "gpu-effect"; gpuEffectType: string; params: { patternType: string; ... 10 more ...; grainMixer: number; }; }; }[]; }' but required in type 'BaseTimelineItem'.
src/features/preview/components/video-preview.sync.test.tsx(1042,7): error TS2352: Conversion of type '{ id: string; type: "video"; trackId: string; from: number; durationInFrames: number; src: string; effects: { id: string; enabled: true; effect: { type: "gpu-effect"; gpuEffectType: string; params: { amount: number; }; }; }[]; }' to type 'TimelineItem' may be a mistake because neither type sufficiently overlaps with the other. If this was intentional, convert the expression to 'unknown' first.
  Type '{ id: string; type: "video"; trackId: string; from: number; durationInFrames: number; src: string; effects: { id: string; enabled: true; effect: { type: "gpu-effect"; gpuEffectType: string; params: { amount: number; }; }; }[]; }' is not comparable to type 'VideoItem'.
    Property 'label' is missing in type '{ id: string; type: "video"; trackId: string; from: number; durationInFrames: number; src: string; effects: { id: string; enabled: true; effect: { type: "gpu-effect"; gpuEffectType: string; params: { amount: number; }; }; }[]; }' but required in type 'BaseTimelineItem'.
src/features/preview/components/video-preview.sync.test.tsx(1136,7): error TS2352: Conversion of type '{ id: string; type: "video"; trackId: string; from: number; durationInFrames: number; src: string; effects: { id: string; enabled: true; effect: { type: "gpu-effect"; gpuEffectType: string; params: { amount: number; }; }; }[]; }' to type 'TimelineItem' may be a mistake because neither type sufficiently overlaps with the other. If this was intentional, convert the expression to 'unknown' first.
  Type '{ id: string; type: "video"; trackId: string; from: number; durationInFrames: number; src: string; effects: { id: string; enabled: true; effect: { type: "gpu-effect"; gpuEffectType: string; params: { amount: number; }; }; }[]; }' is not comparable to type 'VideoItem'.
    Property 'label' is missing in type '{ id: string; type: "video"; trackId: string; from: number; durationInFrames: number; src: string; effects: { id: string; enabled: true; effect: { type: "gpu-effect"; gpuEffectType: string; params: { amount: number; }; }; }[]; }' but required in type 'BaseTimelineItem'.
src/features/preview/components/video-preview.sync.test.tsx(1204,7): error TS2352: Conversion of type '{ id: string; type: "video"; trackId: string; from: number; durationInFrames: number; src: string; effects: { id: string; enabled: true; effect: { type: "gpu-effect"; gpuEffectType: string; params: { amount: number; }; }; }[]; }' to type 'TimelineItem' may be a mistake because neither type sufficiently overlaps with the other. If this was intentional, convert the expression to 'unknown' first.
  Type '{ id: string; type: "video"; trackId: string; from: number; durationInFrames: number; src: string; effects: { id: string; enabled: true; effect: { type: "gpu-effect"; gpuEffectType: string; params: { amount: number; }; }; }[]; }' is not comparable to type 'VideoItem'.
    Property 'label' is missing in type '{ id: string; type: "video"; trackId: string; from: number; durationInFrames: number; src: string; effects: { id: string; enabled: true; effect: { type: "gpu-effect"; gpuEffectType: string; params: { amount: number; }; }; }[]; }' but required in type 'BaseTimelineItem'.
src/features/preview/components/video-preview.sync.test.tsx(1592,55): error TS2339: Property 'items' does not exist on type '() => ItemsState & ItemsActions'.
src/features/preview/components/video-preview.sync.test.tsx(2346,55): error TS2339: Property 'items' does not exist on type '() => ItemsState & ItemsActions'.
src/features/preview/components/video-preview.sync.test.tsx(2454,49): error TS2339: Property 'mediaItems' does not exist on type '() => MediaLibraryState & MediaLibraryActions'.
src/features/preview/components/video-preview.sync.test.tsx(2484,55): error TS2339: Property 'items' does not exist on type '() => ItemsState & ItemsActions'.
src/features/project-bundle/services/json-import-service.ts(82,46): error TS18048: 'validation.data' is possibly 'undefined'.
src/features/project-bundle/services/test-fixtures.ts(273,3): error TS2739: Type '{ id: string; type: "crossfade"; leftClipId: string; rightClipId: string; trackId: string; durationInFrames: number; }' is missing the following properties from type 'Transition': presentation, timing
src/features/projects/utils/project-fps.ts(68,44): error TS18048: 'closest' is possibly 'undefined'.
src/features/projects/utils/project-fps.ts(79,5): error TS2322: Type 'number | undefined' is not assignable to type 'number'.
  Type 'undefined' is not assignable to type 'number'.
src/features/projects/utils/project-fps.ts(80,33): error TS18048: 'closest' is possibly 'undefined'.
src/features/timeline/components/clip-filmstrip/tiled-canvas.test.tsx(15,73): error TS2345: Argument of type 'CanvasRenderingContext2D' is not assignable to parameter of type 'GPUCanvasContext'.
  Type 'CanvasRenderingContext2D' is missing the following properties from type 'GPUCanvasContext': __brand, configure, unconfigure, getConfiguration, getCurrentTexture
src/features/timeline/components/group-summary-track.tsx(5,10): error TS2305: Module '"../utils/group-utils"' has no exported member 'getChildTrackIds'.
src/features/timeline/components/group-summary-track.tsx(5,28): error TS2305: Module '"../utils/group-utils"' has no exported member 'getGroupCoverageRange'.
src/features/timeline/components/timeline-content.tsx(249,53): error TS2345: Argument of type '{ scrollLeft: number; scrollTop: number; viewportWidth: number; viewportHeight: number; }' is not assignable to parameter of type 'TimelineViewportState'.
  Property 'pendingScrollToFrame' is missing in type '{ scrollLeft: number; scrollTop: number; viewportWidth: number; viewportHeight: number; }' but required in type 'TimelineViewportState'.
src/features/timeline/components/timeline-content.tsx(273,55): error TS2345: Argument of type '{ scrollLeft: number; scrollTop: number; viewportWidth: number; viewportHeight: number; }' is not assignable to parameter of type 'TimelineViewportState'.
  Property 'pendingScrollToFrame' is missing in type '{ scrollLeft: number; scrollTop: number; viewportWidth: number; viewportHeight: number; }' but required in type 'TimelineViewportState'.
src/features/timeline/components/timeline-item/trim-handles.test.tsx(18,51): error TS2694: Namespace '"C:/Users/musta/Desktop/webFrame/src/features/timeline/components/timeline-item/trim-handles"' has no exported member 'ActiveEdgeState'.
src/features/timeline/components/timeline-media-drop-zone.tsx(647,79): error TS2345: Argument of type 'Logger' is not assignable to parameter of type 'DropLogger'.
  Types of property 'error' are incompatible.
    Type '(message: string, ...args: unknown[]) => void' is not assignable to type '(...args: unknown[]) => void'.
      Types of parameters 'message' and 'args' are incompatible.
        Type 'unknown' is not assignable to type 'string'.
src/features/timeline/components/timeline-navigator.test.tsx(49,53): error TS2345: Argument of type '{ scrollLeft: number; scrollTop: number; viewportWidth: number; viewportHeight: number; }' is not assignable to parameter of type 'TimelineViewportState'.
  Property 'pendingScrollToFrame' is missing in type '{ scrollLeft: number; scrollTop: number; viewportWidth: number; viewportHeight: number; }' but required in type 'TimelineViewportState'.
src/features/timeline/components/timeline-track.tsx(732,79): error TS2345: Argument of type 'Logger' is not assignable to parameter of type 'DropLogger'.
  Types of property 'error' are incompatible.
    Type '(message: string, ...args: unknown[]) => void' is not assignable to type '(...args: unknown[]) => void'.
      Types of parameters 'message' and 'args' are incompatible.
        Type 'unknown' is not assignable to type 'string'.
src/features/timeline/hooks/shortcuts/use-clipboard-shortcuts.ts(164,39): error TS2345: Argument of type 'Omit<TimelineItem, "id">' is not assignable to parameter of type 'TimelineItem'.
  Type 'Omit<TimelineItem, "id">' is not assignable to type 'CompositionItem'.
    Property 'id' is missing in type 'Omit<TimelineItem, "id">' but required in type 'BaseTimelineItem'.
src/features/timeline/hooks/use-clip-visibility.test.tsx(28,53): error TS2345: Argument of type '{ scrollLeft: number; scrollTop: number; viewportWidth: number; viewportHeight: number; }' is not assignable to parameter of type 'TimelineViewportState'.
  Property 'pendingScrollToFrame' is missing in type '{ scrollLeft: number; scrollTop: number; viewportWidth: number; viewportHeight: number; }' but required in type 'TimelineViewportState'.
src/features/timeline/hooks/use-clip-visibility.test.tsx(50,55): error TS2345: Argument of type '{ scrollLeft: number; scrollTop: number; viewportWidth: number; viewportHeight: number; }' is not assignable to parameter of type 'TimelineViewportState'.
  Property 'pendingScrollToFrame' is missing in type '{ scrollLeft: number; scrollTop: number; viewportWidth: number; viewportHeight: number; }' but required in type 'TimelineViewportState'.
src/features/timeline/hooks/use-clip-visibility.test.tsx(75,55): error TS2345: Argument of type '{ scrollLeft: number; scrollTop: number; viewportWidth: number; viewportHeight: number; }' is not assignable to parameter of type 'TimelineViewportState'.
  Property 'pendingScrollToFrame' is missing in type '{ scrollLeft: number; scrollTop: number; viewportWidth: number; viewportHeight: number; }' but required in type 'TimelineViewportState'.
src/features/timeline/hooks/use-clip-visibility.test.tsx(98,55): error TS2345: Argument of type '{ scrollLeft: number; scrollTop: number; viewportWidth: number; viewportHeight: number; }' is not assignable to parameter of type 'TimelineViewportState'.
  Property 'pendingScrollToFrame' is missing in type '{ scrollLeft: number; scrollTop: number; viewportWidth: number; viewportHeight: number; }' but required in type 'TimelineViewportState'.
src/features/timeline/hooks/use-rate-stretch.ts(45,3): error TS6133: 'stretchedItemId' is declared but its value is never read.
src/features/timeline/hooks/use-visible-items.test.ts(114,53): error TS2345: Argument of type '{ scrollLeft: number; scrollTop: number; viewportWidth: number; viewportHeight: number; }' is not assignable to parameter of type 'TimelineViewportState'.
  Property 'pendingScrollToFrame' is missing in type '{ scrollLeft: number; scrollTop: number; viewportWidth: number; viewportHeight: number; }' but required in type 'TimelineViewportState'.
src/features/timeline/hooks/use-visible-items.test.ts(167,53): error TS2345: Argument of type '{ scrollLeft: number; scrollTop: number; viewportWidth: number; viewportHeight: number; }' is not assignable to parameter of type 'TimelineViewportState'.
  Property 'pendingScrollToFrame' is missing in type '{ scrollLeft: number; scrollTop: number; viewportWidth: number; viewportHeight: number; }' but required in type 'TimelineViewportState'.
src/features/timeline/hooks/use-visible-items.test.ts(189,55): error TS2345: Argument of type '{ scrollLeft: number; scrollTop: number; viewportWidth: number; viewportHeight: number; }' is not assignable to parameter of type 'TimelineViewportState'.
  Property 'pendingScrollToFrame' is missing in type '{ scrollLeft: number; scrollTop: number; viewportWidth: number; viewportHeight: number; }' but required in type 'TimelineViewportState'.
src/features/timeline/hooks/use-visible-items.test.ts(204,55): error TS2345: Argument of type '{ scrollLeft: number; scrollTop: number; viewportWidth: number; viewportHeight: number; }' is not assignable to parameter of type 'TimelineViewportState'.
  Property 'pendingScrollToFrame' is missing in type '{ scrollLeft: number; scrollTop: number; viewportWidth: number; viewportHeight: number; }' but required in type 'TimelineViewportState'.
src/features/timeline/hooks/use-waveform-prefetch.test.ts(96,53): error TS2345: Argument of type '{ scrollLeft: number; scrollTop: number; viewportWidth: number; viewportHeight: number; }' is not assignable to parameter of type 'TimelineViewportState'.
  Property 'pendingScrollToFrame' is missing in type '{ scrollLeft: number; scrollTop: number; viewportWidth: number; viewportHeight: number; }' but required in type 'TimelineViewportState'.
src/features/timeline/hooks/use-waveform-prefetch.test.ts(137,55): error TS2345: Argument of type '{ scrollLeft: number; scrollTop: number; viewportWidth: number; viewportHeight: number; }' is not assignable to parameter of type 'TimelineViewportState'.
  Property 'pendingScrollToFrame' is missing in type '{ scrollLeft: number; scrollTop: number; viewportWidth: number; viewportHeight: number; }' but required in type 'TimelineViewportState'.
src/features/timeline/hooks/use-waveform-prefetch.test.ts(146,55): error TS2345: Argument of type '{ scrollLeft: number; scrollTop: number; viewportWidth: number; viewportHeight: number; }' is not assignable to parameter of type 'TimelineViewportState'.
  Property 'pendingScrollToFrame' is missing in type '{ scrollLeft: number; scrollTop: number; viewportWidth: number; viewportHeight: number; }' but required in type 'TimelineViewportState'.
src/features/timeline/stores/actions/composition-actions.test.ts(512,11): error TS2353: Object literal may only specify known properties, and 'property' does not exist in type 'ItemKeyframes'.
src/features/timeline/stores/items-store.ts(180,23): error TS2538: Type 'undefined' cannot be used as an index type.
src/features/timeline/stores/keyframes-store.ts(144,15): error TS2322: Type 'string' is not assignable to type '`${string}-${string}-${string}-${string}-${string}`'.
src/features/timeline/utils/composition-graph.test.ts(12,5): error TS2783: 'id' is specified more than once, so this usage will be overwritten.
src/features/timeline/utils/composition-graph.test.ts(13,5): error TS2783: 'name' is specified more than once, so this usage will be overwritten.
src/features/timeline/utils/drop-execution.test.ts(11,10): error TS2352: Conversion of type '{ id: string; fileName: string; mimeType: string; duration: number; originalDuration: any; width: number; height: number; size: any; createdAt: number; modifiedAt: any; file: any; thumbnailBlob: any; waveformData: any; codec: string | undefined; audioCodec: string | undefined; frameRate: any; }' to type 'MediaMetadata' may be a mistake because neither type sufficiently overlaps with the other. If this was intentional, convert the expression to 'unknown' first.
  Type '{ id: string; fileName: string; mimeType: string; duration: number; originalDuration: any; width: number; height: number; size: any; createdAt: number; modifiedAt: any; file: any; thumbnailBlob: any; waveformData: any; codec: string | undefined; audioCodec: string | undefined; frameRate: any; }' is missing the following properties from type 'MediaMetadata': storageType, fileSize, fps, bitrate, and 2 more.
src/features/timeline/utils/drop-execution.test.ts(16,33): error TS2339: Property 'originalDuration' does not exist on type 'Partial<MediaMetadata>'.
src/features/timeline/utils/drop-execution.test.ts(19,21): error TS2339: Property 'size' does not exist on type 'Partial<MediaMetadata>'.
src/features/timeline/utils/drop-execution.test.ts(21,27): error TS2339: Property 'modifiedAt' does not exist on type 'Partial<MediaMetadata>'.
src/features/timeline/utils/drop-execution.test.ts(22,21): error TS2339: Property 'file' does not exist on type 'Partial<MediaMetadata>'.
src/features/timeline/utils/drop-execution.test.ts(24,30): error TS2339: Property 'thumbnailBlob' does not exist on type 'Partial<MediaMetadata>'.
src/features/timeline/utils/drop-execution.test.ts(25,29): error TS2339: Property 'waveformData' does not exist on type 'Partial<MediaMetadata>'.
src/features/timeline/utils/drop-execution.test.ts(28,26): error TS2339: Property 'frameRate' does not exist on type 'Partial<MediaMetadata>'.
src/features/timeline/utils/dropped-composition.test.ts(148,7): error TS2322: Type '{ id: string; name: string; tracks: TimelineTrack[]; items: (VideoItem | { id: string; type: string; trackId: string; from: number; durationInFrames: number; label: string; ... 7 more ...; sourceFps: number; })[]; ... 5 more ...; durationInFrames: number; }' is not assignable to type 'SubComposition'.
  Types of property 'items' are incompatible.
    Type '(VideoItem | { id: string; type: string; trackId: string; from: number; durationInFrames: number; label: string; compositionId: string; compositionWidth: number; compositionHeight: number; ... 4 more ...; sourceFps: number; })[]' is not assignable to type 'TimelineItem[]'.
      Type 'VideoItem | { id: string; type: string; trackId: string; from: number; durationInFrames: number; label: string; compositionId: string; compositionWidth: number; compositionHeight: number; ... 4 more ...; sourceFps: number; }' is not assignable to type 'TimelineItem'.
        Type '{ id: string; type: string; trackId: string; from: number; durationInFrames: number; label: string; compositionId: string; compositionWidth: number; compositionHeight: number; transform: { x: number; y: number; rotation: number; opacity: number; }; sourceStart: number; sourceEnd: number; sourceDuration: number; sour...' is not assignable to type 'TimelineItem'.
          Type '{ id: string; type: string; trackId: string; from: number; durationInFrames: number; label: string; compositionId: string; compositionWidth: number; compositionHeight: number; transform: { x: number; y: number; rotation: number; opacity: number; }; sourceStart: number; sourceEnd: number; sourceDuration: number; sour...' is not assignable to type 'CompositionItem'.
            Type '{ id: string; type: string; trackId: string; from: number; durationInFrames: number; label: string; compositionId: string; compositionWidth: number; compositionHeight: number; transform: { x: number; y: number; rotation: number; opacity: number; }; sourceStart: number; sourceEnd: number; sourceDuration: number; sour...' is not assignable to type '{ type: "composition"; compositionId: string; compositionWidth: number; compositionHeight: number; }'.
              Types of property 'type' are incompatible.
                Type 'string' is not assignable to type '"composition"'.
src/features/timeline/utils/dropped-composition.test.ts(149,7): error TS2322: Type '{ 'comp-child': { id: string; name: string; tracks: TimelineTrack[]; items: ({ id: string; type: string; trackId: string; from: number; durationInFrames: number; label: string; compositionId: string; ... 8 more ...; src?: undefined; } | { ...; })[]; ... 5 more ...; durationInFrames: number; }; 'comp-grandchild': { ....' is not assignable to type 'Record<string, SubComposition | undefined>'.
  Property ''comp-child'' is incompatible with index signature.
    Type '{ id: string; name: string; tracks: TimelineTrack[]; items: ({ id: string; type: string; trackId: string; from: number; durationInFrames: number; label: string; compositionId: string; ... 8 more ...; src?: undefined; } | { ...; })[]; ... 5 more ...; durationInFrames: number; }' is not assignable to type 'SubComposition'.
      Types of property 'items' are incompatible.
        Type '({ id: string; type: string; trackId: string; from: number; durationInFrames: number; label: string; compositionId: string; linkedGroupId: string; compositionWidth: number; compositionHeight: number; ... 5 more ...; src?: undefined; } | { ...; })[]' is not assignable to type 'TimelineItem[]'.
          Type '{ id: string; type: string; trackId: string; from: number; durationInFrames: number; label: string; compositionId: string; linkedGroupId: string; compositionWidth: number; compositionHeight: number; ... 5 more ...; src?: undefined; } | { ...; }' is not assignable to type 'TimelineItem'.
            Type '{ id: string; type: string; trackId: string; from: number; durationInFrames: number; label: string; compositionId: string; linkedGroupId: string; compositionWidth: number; compositionHeight: number; ... 5 more ...; src?: undefined; }' is not assignable to type 'TimelineItem'.
              Type '{ id: string; type: string; trackId: string; from: number; durationInFrames: number; label: string; compositionId: string; linkedGroupId: string; compositionWidth: number; compositionHeight: number; ... 5 more ...; src?: undefined; }' is not assignable to type 'CompositionItem'.
                Type '{ id: string; type: string; trackId: string; from: number; durationInFrames: number; label: string; compositionId: string; linkedGroupId: string; compositionWidth: number; compositionHeight: number; ... 5 more ...; src?: undefined; }' is not assignable to type '{ type: "composition"; compositionId: string; compositionWidth: number; compositionHeight: number; }'.
                  Types of property 'type' are incompatible.
                    Type 'string' is not assignable to type '"composition"'.
src/features/timeline/utils/dropped-composition.test.ts(154,7): error TS2322: Type '{ id: string; name: string; tracks: TimelineTrack[]; items: (VideoItem | { id: string; type: string; trackId: string; from: number; durationInFrames: number; label: string; ... 7 more ...; sourceFps: number; })[]; ... 5 more ...; durationInFrames: number; }' is not assignable to type 'SubComposition'.
  Types of property 'items' are incompatible.
    Type '(VideoItem | { id: string; type: string; trackId: string; from: number; durationInFrames: number; label: string; compositionId: string; compositionWidth: number; compositionHeight: number; ... 4 more ...; sourceFps: number; })[]' is not assignable to type 'TimelineItem[]'.
      Type 'VideoItem | { id: string; type: string; trackId: string; from: number; durationInFrames: number; label: string; compositionId: string; compositionWidth: number; compositionHeight: number; ... 4 more ...; sourceFps: number; }' is not assignable to type 'TimelineItem'.
        Type '{ id: string; type: string; trackId: string; from: number; durationInFrames: number; label: string; compositionId: string; compositionWidth: number; compositionHeight: number; transform: { x: number; y: number; rotation: number; opacity: number; }; sourceStart: number; sourceEnd: number; sourceDuration: number; sour...' is not assignable to type 'TimelineItem'.
          Type '{ id: string; type: string; trackId: string; from: number; durationInFrames: number; label: string; compositionId: string; compositionWidth: number; compositionHeight: number; transform: { x: number; y: number; rotation: number; opacity: number; }; sourceStart: number; sourceEnd: number; sourceDuration: number; sour...' is not assignable to type 'CompositionItem'.
            Type '{ id: string; type: string; trackId: string; from: number; durationInFrames: number; label: string; compositionId: string; compositionWidth: number; compositionHeight: number; transform: { x: number; y: number; rotation: number; opacity: number; }; sourceStart: number; sourceEnd: number; sourceDuration: number; sour...' is not assignable to type '{ type: "composition"; compositionId: string; compositionWidth: number; compositionHeight: number; }'.
              Types of property 'type' are incompatible.
                Type 'string' is not assignable to type '"composition"'.
src/features/timeline/utils/new-track-zone-media.test.ts(10,47): error TS2345: Argument of type '80' is not assignable to parameter of type '100'.
src/features/timeline/utils/new-track-zone-media.test.ts(44,47): error TS2345: Argument of type '80' is not assignable to parameter of type '100'.
src/features/timeline/utils/new-track-zone-media.test.ts(72,47): error TS2345: Argument of type '80' is not assignable to parameter of type '100'.
src/features/timeline/utils/new-track-zone-media.test.ts(102,47): error TS2345: Argument of type '80' is not assignable to parameter of type '100'.
src/features/timeline/utils/track-media-drop.test.ts(31,47): error TS2345: Argument of type '80' is not assignable to parameter of type '100'.
src/features/timeline/utils/track-media-drop.test.ts(108,47): error TS2345: Argument of type '80' is not assignable to parameter of type '100'.
src/features/timeline/utils/track-media-drop.test.ts(127,47): error TS2345: Argument of type '80' is not assignable to parameter of type '100'.
src/features/timeline/utils/track-media-drop.test.ts(148,47): error TS2345: Argument of type '80' is not assignable to parameter of type '100'.
src/features/timeline/utils/trim-utils.ts(69,14): error TS2367: This comparison appears to be unintentional because the types '"image" | "text" | "shape" | "adjustment"' and '"composition"' have no overlap.
src/features/timeline/utils/trim-utils.ts(70,73): error TS2339: Property 'compositionId' does not exist on type 'never'.
src/features/timeline/utils/trim-utils.ts(75,18): error TS2339: Property 'durationInFrames' does not exist on type 'never'.
src/features/timeline/utils/trim-utils.ts(76,46): error TS2339: Property 'durationInFrames' does not exist on type 'never'.
src/features/timeline/utils/trim-utils.ts(77,42): error TS2339: Property 'durationInFrames' does not exist on type 'never'.
src/features/timeline/utils/trim-utils.ts(81,36): error TS2339: Property 'durationInFrames' does not exist on type 'never'.
src/features/timeline/utils/trim-utils.ts(82,48): error TS2339: Property 'durationInFrames' does not exist on type 'never'.
src/features/timeline/utils/trim-utils.ts(83,42): error TS2339: Property 'durationInFrames' does not exist on type 'never'.
src/lib/analysis/gemma-scene-worker.ts(22,8): error TS2307: Cannot find module '@huggingface/transformers' or its corresponding type declarations.
src/lib/gpu-effects/effects/stylize.ts(1176,5): error TS2769: No overload matches this call.
  The last overload gave the following error.
    Type 'number | undefined' is not assignable to type 'number'.
      Type 'undefined' is not assignable to type 'number'.
        Type 'number | undefined' is not assignable to type 'number'.
          Type 'undefined' is not assignable to type 'number'.
            Type 'number | undefined' is not assignable to type 'number'.
              Type 'undefined' is not assignable to type 'number'.
                Type 'number | undefined' is not assignable to type 'number'.
                  Type 'undefined' is not assignable to type 'number'.
                    Type 'number | undefined' is not assignable to type 'number'.
                      Type 'undefined' is not assignable to type 'number'.
src/lib/gpu-effects/effects/stylize.ts(1177,5): error TS2769: No overload matches this call.
  The last overload gave the following error.
    Type 'number | undefined' is not assignable to type 'number'.
      Type 'undefined' is not assignable to type 'number'.
        Type 'number | undefined' is not assignable to type 'number'.
          Type 'undefined' is not assignable to type 'number'.
            Type 'number | undefined' is not assignable to type 'number'.
              Type 'undefined' is not assignable to type 'number'.
                Type 'number | undefined' is not assignable to type 'number'.
                  Type 'undefined' is not assignable to type 'number'.
                    Type 'number | undefined' is not assignable to type 'number'.
                      Type 'undefined' is not assignable to type 'number'.
src/lib/gpu-effects/effects/stylize.ts(1178,5): error TS2769: No overload matches this call.
  The last overload gave the following error.
    Type 'number | undefined' is not assignable to type 'number'.
      Type 'undefined' is not assignable to type 'number'.
        Type 'number | undefined' is not assignable to type 'number'.
          Type 'undefined' is not assignable to type 'number'.
            Type 'number | undefined' is not assignable to type 'number'.
              Type 'undefined' is not assignable to type 'number'.
                Type 'number | undefined' is not assignable to type 'number'.
                  Type 'undefined' is not assignable to type 'number'.
                    Type 'number | undefined' is not assignable to type 'number'.
                      Type 'undefined' is not assignable to type 'number'.
src/lib/gpu-effects/effects/stylize.ts(1179,5): error TS2769: No overload matches this call.
  The last overload gave the following error.
    Type 'number | undefined' is not assignable to type 'number'.
      Type 'undefined' is not assignable to type 'number'.
        Type 'number | undefined' is not assignable to type 'number'.
          Type 'undefined' is not assignable to type 'number'.
            Type 'number | undefined' is not assignable to type 'number'.
              Type 'undefined' is not assignable to type 'number'.
                Type 'number | undefined' is not assignable to type 'number'.
                  Type 'undefined' is not assignable to type 'number'.
                    Type 'number | undefined' is not assignable to type 'number'.
                      Type 'undefined' is not assignable to type 'number'.
src/lib/gpu-effects/effects/stylize.ts(1180,5): error TS2769: No overload matches this call.
  The last overload gave the following error.
    Type 'number | undefined' is not assignable to type 'number'.
      Type 'undefined' is not assignable to type 'number'.
        Type 'number | undefined' is not assignable to type 'number'.
          Type 'undefined' is not assignable to type 'number'.
            Type 'number | undefined' is not assignable to type 'number'.
              Type 'undefined' is not assignable to type 'number'.
                Type 'number | undefined' is not assignable to type 'number'.
                  Type 'undefined' is not assignable to type 'number'.
                    Type 'number | undefined' is not assignable to type 'number'.
                      Type 'undefined' is not assignable to type 'number'.
src/lib/gpu-effects/effects/stylize.ts(1499,7): error TS2769: No overload matches this call.
  The last overload gave the following error.
    Type 'number | undefined' is not assignable to type 'number'.
      Type 'undefined' is not assignable to type 'number'.
src/lib/gpu-effects/index.test.ts(39,12): error TS2532: Object is possibly 'undefined'.
src/lib/gpu-effects/index.test.ts(40,12): error TS2532: Object is possibly 'undefined'.
src/lib/gpu-effects/index.test.ts(41,12): error TS2532: Object is possibly 'undefined'.
src/lib/gpu-effects/index.test.ts(42,12): error TS2532: Object is possibly 'undefined'.
src/lib/gpu-effects/index.test.ts(94,12): error TS2532: Object is possibly 'undefined'.
src/lib/gpu-effects/index.test.ts(95,12): error TS2532: Object is possibly 'undefined'.
src/lib/gpu-effects/index.test.ts(96,12): error TS2532: Object is possibly 'undefined'.
src/lib/gpu-effects/index.test.ts(97,12): error TS2532: Object is possibly 'undefined'.
src/routes/editor/$projectId.lazy.tsx(12,58): error TS2322: Type '{ projectId: string; project: { id: string; name: string; width: number; height: number; fps: number; backgroundColor: string | undefined; }; migration: { storedSchemaVersion: number; currentSchemaVersion: number; requiresUpgrade: boolean; }; }' is not assignable to type 'IntrinsicAttributes & EditorProps'.
  Property 'migration' does not exist on type 'IntrinsicAttributes & EditorProps'.
src/routes/settings.tsx(31,38): error TS2345: Argument of type '"/settings"' is not assignable to parameter of type 'keyof FileRoutesByPath | undefined'.
src/routes/settings.tsx(37,48): error TS2339: Property 'defaultFps' does not exist on type 'SettingsStore'.
src/routes/settings.tsx(42,57): error TS2339: Property 'defaultExportFormat' does not exist on type 'SettingsStore'.
src/routes/settings.tsx(43,58): error TS2339: Property 'defaultExportQuality' does not exist on type 'SettingsStore'.
src/routes/settings.tsx(48,46): error TS2339: Property 'language' does not exist on type 'SettingsStore'.
src/routes/settings.tsx(143,30): error TS2345: Argument of type '"language"' is not assignable to parameter of type 'keyof AppSettings'.
src/routes/settings.tsx(205,83): error TS2345: Argument of type '"defaultFps"' is not assignable to parameter of type 'keyof AppSettings'.
src/routes/settings.tsx(257,50): error TS2345: Argument of type '"defaultExportFormat"' is not assignable to parameter of type 'keyof AppSettings'.
src/routes/settings.tsx(276,50): error TS2345: Argument of type '"defaultExportQuality"' is not assignable to parameter of type 'keyof AppSettings'.
src/routes/settings.tsx(323,48): error TS18048: 'defaultWhisperQuantizationOption' is possibly 'undefined'.
src/shared/state/editor/store.ts(105,34): error TS2345: Argument of type '{ leftSidebarDefaultWidth: number; leftSidebarMinWidth: number; leftSidebarMaxWidth: number; rightSidebarDefaultWidth: number; rightSidebarMinWidth: number; rightSidebarMaxWidth: number; }' is not assignable to parameter of type '"default" | "compact" | EditorLayout | LeftSidebarLayoutBounds | undefined'.
  Type '{ leftSidebarDefaultWidth: number; leftSidebarMinWidth: number; leftSidebarMaxWidth: number; rightSidebarDefaultWidth: number; rightSidebarMinWidth: number; rightSidebarMaxWidth: number; }' is not assignable to type '{ readonly toolbarHeight: 56; readonly sidebarRailWidth: 48; readonly sidebarHeaderHeight: 40; readonly sidebarHeaderButtonSize: 20; readonly toolbarButtonSize: 20; readonly leftSidebarDefaultWidth: 360; ... 22 more ...; readonly timelineWaveformRowHeight: 30; } | { ...; } | LeftSidebarLayoutBounds'.
    Type '{ leftSidebarDefaultWidth: number; leftSidebarMinWidth: number; leftSidebarMaxWidth: number; rightSidebarDefaultWidth: number; rightSidebarMinWidth: number; rightSidebarMaxWidth: number; }' is missing the following properties from type '{ readonly toolbarHeight: 48; readonly sidebarRailWidth: 44; readonly sidebarHeaderHeight: 36; readonly sidebarHeaderButtonSize: 20; readonly toolbarButtonSize: 20; readonly leftSidebarDefaultWidth: 320; ... 22 more ...; readonly timelineWaveformRowHeight: 24; }': toolbarHeight, sidebarRailWidth, sidebarHeaderHeight, sidebarHeaderButtonSize, and 19 more.
src/shared/state/editor/store.ts(110,35): error TS2345: Argument of type '{ leftSidebarDefaultWidth: number; leftSidebarMinWidth: number; leftSidebarMaxWidth: number; rightSidebarDefaultWidth: number; rightSidebarMinWidth: number; rightSidebarMaxWidth: number; }' is not assignable to parameter of type '"default" | "compact" | EditorLayout | RightSidebarLayoutBounds | undefined'.
  Type '{ leftSidebarDefaultWidth: number; leftSidebarMinWidth: number; leftSidebarMaxWidth: number; rightSidebarDefaultWidth: number; rightSidebarMinWidth: number; rightSidebarMaxWidth: number; }' is not assignable to type '{ readonly toolbarHeight: 56; readonly sidebarRailWidth: 48; readonly sidebarHeaderHeight: 40; readonly sidebarHeaderButtonSize: 20; readonly toolbarButtonSize: 20; readonly leftSidebarDefaultWidth: 360; ... 22 more ...; readonly timelineWaveformRowHeight: 30; } | { ...; } | RightSidebarLayoutBounds'.
    Type '{ leftSidebarDefaultWidth: number; leftSidebarMinWidth: number; leftSidebarMaxWidth: number; rightSidebarDefaultWidth: number; rightSidebarMinWidth: number; rightSidebarMaxWidth: number; }' is missing the following properties from type '{ readonly toolbarHeight: 48; readonly sidebarRailWidth: 44; readonly sidebarHeaderHeight: 36; readonly sidebarHeaderButtonSize: 20; readonly toolbarButtonSize: 20; readonly leftSidebarDefaultWidth: 320; ... 22 more ...; readonly timelineWaveformRowHeight: 24; }': toolbarHeight, sidebarRailWidth, sidebarHeaderHeight, sidebarHeaderButtonSize, and 19 more.
src/shared/state/local-inference/types.ts(78,5): error TS2322: Type 'string | null | undefined' is not assignable to type 'string | null'.
  Type 'undefined' is not assignable to type 'string | null'.
src/shared/utils/cube-lut.ts(516,75): error TS2769: No overload matches this call.
  Overload 1 of 3, '(target: number, level: number, internalformat: number, format: number, type: number, source: TexImageSourceWebCodecs): void', gave the following error.
    Argument of type 'CanvasImageSource' is not assignable to parameter of type 'TexImageSourceWebCodecs'.
      Type 'SVGImageElement' is not assignable to type 'TexImageSourceWebCodecs'.
        Type 'SVGImageElement' is missing the following properties from type 'HTMLImageElement': align, alt, border, complete, and 48 more.
  Overload 2 of 3, '(target: number, level: number, internalformat: number, format: number, type: number, source: TexImageSource): void', gave the following error.
    Argument of type 'CanvasImageSource' is not assignable to parameter of type 'TexImageSource'.
      Type 'SVGImageElement' is not assignable to type 'TexImageSource'.
        Type 'SVGImageElement' is missing the following properties from type 'HTMLImageElement': align, alt, border, complete, and 48 more.
src/shared/utils/whisper-settings.test.ts(45,12): error TS2532: Object is possibly 'undefined'.
src/shared/utils/whisper-settings.test.ts(46,12): error TS2532: Object is possibly 'undefined'.
